<html>
<body>
<pre>
<h1>µVision Build Log</h1>
<h2>Tool Versions:</h2>
IDE-Version: ¦ÌVision V5.21.1.0
Copyright (C) 2016 ARM Ltd and ARM Germany GmbH. All rights reserved.
License Information: 123 chen, abc, LIC=7YKYW-QE0BQ-RFDIZ-JQY6D-D2AWM-8BL90
 
Tool Versions:
Toolchain:       MDK-ARM Professional  Version: 5.21a
Toolchain Path:  D:\MDK\ARM\ARMCC\Bin
C Compiler:      Armcc.exe V5.06 update 3 (build 300)
Assembler:       Armasm.exe V5.06 update 3 (build 300)
Linker/Locator:  ArmLink.exe V5.06 update 3 (build 300)
Library Manager: ArmAr.exe V5.06 update 3 (build 300)
Hex Converter:   FromElf.exe V5.06 update 3 (build 300)
CPU DLL:         SARMCM3.DLL V5.21a
Dialog DLL:      DCM.DLL V1.13.8.0
Target DLL:      STLink\ST-LINKIII-KEIL_SWO.dll V2.0.18.0
Dialog DLL:      TCM.DLL V1.14.14.0
 
<h2>Project:</h2>
F:\Demo-Module2\test.uvprojx
Project File Date:  11/26/2025

<h2>Output:</h2>
*** Using Compiler 'V5.06 update 3 (build 300)', folder: 'D:\MDK\ARM\ARMCC\Bin'
Build target 'Target 1'
compiling KEY.c...
user\KEY.c(49): warning:  #177-D: variable "LastCode" was declared but never referenced
  {   static int LastCode = -1;     // ä¸?ä¸€æ¬?é”?ç ?
user\KEY.c(50): warning:  #177-D: variable "key_age" was declared but never referenced
      static int key_age = 0;       // å½?å‰?é”?ç ?æ£€æµ?åˆ?æ¬?æ•?
user\KEY.c(51): warning:  #177-D: variable "CurrentCode" was declared but never referenced
      int CurrentCode = -1;
user\KEY.c(390): warning:  #223-D: function "delay_ms" declared implicitly
          delay_ms(100); // ÃˆÂ¥Â¶Â¶Â¶Â¯
user\KEY.c(426): warning:  #223-D: function "delay_ms" declared implicitly
              delay_ms(2000);
user\KEY.c(429): warning:  #1-D: last line of file ends without a newline
  }
user\KEY.c: 6 warnings, 0 errors
linking...
Program Size: Code=1590 RO-data=286 RW-data=52 ZI-data=516  
".\Objects\test.axf" - 0 Error(s), 6 Warning(s).

<h2>Collection of Component include folders:</h2>
  F:\Demo-Module2\RTE
  D:\MDK\ARM\PACK\Keil\STM32F1xx_DFP\2.1.0\Device\Include

<h2>Collection of Component Files used:</h2>
Build Time Elapsed:  00:00:00
</pre>
</body>
</html>
